Similarity is out of range.
float(0.57447962985124)
height : 25
width : 25
x : 55
y : 47
Ok