php7.0: unable to acquire cache view `No such file or directory' @ fatal/cache-view.c/AcquireAuthenticCacheView/121.